
================================================================================
TALKDOCS 2.0 - COMPLETE SYSTEM TEST
================================================================================

[1/7] Loading environment...
python : Traceback (most recent call last):
At line:1 char:58
+ ... Docs 2.0" ; python test_full_system.py > test_output.txt 2>&1 ; power ...
+                 ~~~~~~~~~~~~~~~~~~~~~~~~~~~~~~~~~~~~~~~~~~~~~~~~~
    + CategoryInfo          : NotSpecified: (Traceback (most recent call last) 
   ::String) [], RemoteException
    + FullyQualifiedErrorId : NativeCommandError
 
  File "C:\COMMON DISK FILES\github projects\TalkDocs 
2.0\test_full_system.py", line 26, in <module>
    print(f"\u2705 API key loaded: {api_key[:20]}...")
  File "C:\Users\SHAHID\anaconda3\lib\encodings\cp1252.py", line 19, in encode
    return codecs.charmap_encode(input,self.errors,encoding_table)[0]
UnicodeEncodeError: 'charmap' codec can't encode character '\u2705' in 
position 0: character maps to <undefined>
